{"synthetic": false,
 "schemaVersion": "2025-09-10",
 "outputs":
 {"o": ["e666625ea07ae6c4.olean"],
  "i": "53d3d4296c2dcaea.ilean",
  "c": "37f53812723bd76f.c"},
 "log":
 [{"message":
   ".> LEAN_PATH=C:\\Users\\Asus\\Desktop\\Profitlo Projects\\Lamda_Opt\\lean\\.lake\\packages\\Cli\\.lake\\build\\lib\\lean;C:\\Users\\Asus\\Desktop\\Profitlo Projects\\Lamda_Opt\\lean\\.lake\\packages\\batteries\\.lake\\build\\lib\\lean;C:\\Users\\Asus\\Desktop\\Profitlo Projects\\Lamda_Opt\\lean\\.lake\\packages\\Qq\\.lake\\build\\lib\\lean;C:\\Users\\Asus\\Desktop\\Profitlo Projects\\Lamda_Opt\\lean\\.lake\\packages\\aesop\\.lake\\build\\lib\\lean;C:\\Users\\Asus\\Desktop\\Profitlo Projects\\Lamda_Opt\\lean\\.lake\\packages\\proofwidgets\\.lake\\build\\lib\\lean;C:\\Users\\Asus\\Desktop\\Profitlo Projects\\Lamda_Opt\\lean\\.lake\\packages\\importGraph\\.lake\\build\\lib\\lean;C:\\Users\\Asus\\Desktop\\Profitlo Projects\\Lamda_Opt\\lean\\.lake\\packages\\LeanSearchClient\\.lake\\build\\lib\\lean;C:\\Users\\Asus\\Desktop\\Profitlo Projects\\Lamda_Opt\\lean\\.lake\\packages\\plausible\\.lake\\build\\lib\\lean;C:\\Users\\Asus\\Desktop\\Profitlo Projects\\Lamda_Opt\\lean\\.lake\\packages\\mathlib\\.lake\\build\\lib\\lean;C:\\Users\\Asus\\Desktop\\Profitlo Projects\\Lamda_Opt\\lean\\.lake\\build\\lib\\lean c:\\Users\\Asus\\.elan\\toolchains\\leanprover--lean4---v4.29.0\\bin\\lean.exe C:\\Users\\Asus\\Desktop\\Profitlo Projects\\Lamda_Opt\\lean\\LambdaOpt\\Composition.lean -o C:\\Users\\Asus\\Desktop\\Profitlo Projects\\Lamda_Opt\\lean\\.lake\\build\\lib\\lean\\LambdaOpt\\Composition.olean -i C:\\Users\\Asus\\Desktop\\Profitlo Projects\\Lamda_Opt\\lean\\.lake\\build\\lib\\lean\\LambdaOpt\\Composition.ilean -c C:\\Users\\Asus\\Desktop\\Profitlo Projects\\Lamda_Opt\\lean\\.lake\\build\\ir\\LambdaOpt\\Composition.c --setup C:\\Users\\Asus\\Desktop\\Profitlo Projects\\Lamda_Opt\\lean\\.lake\\build\\ir\\LambdaOpt\\Composition.setup.json --json",
   "level": "trace"}],
 "inputs":
 [["LambdaOpt.Composition:deps",
   [["deps",
     [["«lambda-opt»/LambdaOpt:extraDep",
       [["@«lambda-opt»:extraDep", "00000000000006bb"]]],
      ["imports",
       [["LambdaOpt.Defs transitive imports (legacy)", "c4b083cbdcdcc1bd"],
        ["LambdaOpt.Defs:importAllArts", "596df6f98da8f0b5"],
        ["LambdaOpt.SingleRewrite transitive imports (legacy)",
         "528a0eaf76bf45b8"],
        ["LambdaOpt.SingleRewrite:importAllArts", "292e77f11179bda2"]]]]],
    ["libs",
     [["import dynlibs", "00000000000006bb"],
      ["package external libraries", "00000000000006bb"],
      ["module dynlibs", "00000000000006bb"],
      ["module plugins", "00000000000006bb"]]]]],
  ["Lean 4.29.0, commit 98dc76e3c0a9b856c9b98726b713fb04fab16740",
   "60bb08ef22408c8a"],
  ["C:\\Users\\Asus\\Desktop\\Profitlo Projects\\Lamda_Opt\\lean\\LambdaOpt\\Composition.lean",
   "c907e83d3b4e309f"],
  ["options", [["-DautoImplicit=false", "4a85acb881fd49d0"]]],
  ["isModule: false", "feefd2a0d3a1847e"],
  ["Module.name: LambdaOpt.Composition", "4063325c12f1866b"],
  ["Package.id?: (some lambda-opt)", "1b6b24c4431d5b09"],
  ["Module.leanArgs: #[]", "00000000000006bb"]],
 "depHash": "0f20c71289f84376"}