{"synthetic": false,
 "schemaVersion": "2025-09-10",
 "outputs":
 {"o": ["0e3ac66848ad7c95.olean"],
  "i": "1e075e9e57cd6ef4.ilean",
  "c": "ec1c84a0dba6fc42.c"},
 "log":
 [{"message":
   ".> LEAN_PATH=C:\\Users\\Asus\\Desktop\\Profitlo Projects\\Lamda_Opt\\lean\\.lake\\packages\\Cli\\.lake\\build\\lib\\lean;C:\\Users\\Asus\\Desktop\\Profitlo Projects\\Lamda_Opt\\lean\\.lake\\packages\\batteries\\.lake\\build\\lib\\lean;C:\\Users\\Asus\\Desktop\\Profitlo Projects\\Lamda_Opt\\lean\\.lake\\packages\\Qq\\.lake\\build\\lib\\lean;C:\\Users\\Asus\\Desktop\\Profitlo Projects\\Lamda_Opt\\lean\\.lake\\packages\\aesop\\.lake\\build\\lib\\lean;C:\\Users\\Asus\\Desktop\\Profitlo Projects\\Lamda_Opt\\lean\\.lake\\packages\\proofwidgets\\.lake\\build\\lib\\lean;C:\\Users\\Asus\\Desktop\\Profitlo Projects\\Lamda_Opt\\lean\\.lake\\packages\\importGraph\\.lake\\build\\lib\\lean;C:\\Users\\Asus\\Desktop\\Profitlo Projects\\Lamda_Opt\\lean\\.lake\\packages\\LeanSearchClient\\.lake\\build\\lib\\lean;C:\\Users\\Asus\\Desktop\\Profitlo Projects\\Lamda_Opt\\lean\\.lake\\packages\\plausible\\.lake\\build\\lib\\lean;C:\\Users\\Asus\\Desktop\\Profitlo Projects\\Lamda_Opt\\lean\\.lake\\packages\\mathlib\\.lake\\build\\lib\\lean;C:\\Users\\Asus\\Desktop\\Profitlo Projects\\Lamda_Opt\\lean\\.lake\\build\\lib\\lean c:\\Users\\Asus\\.elan\\toolchains\\leanprover--lean4---v4.29.0\\bin\\lean.exe C:\\Users\\Asus\\Desktop\\Profitlo Projects\\Lamda_Opt\\lean\\LambdaOpt\\Defs.lean -o C:\\Users\\Asus\\Desktop\\Profitlo Projects\\Lamda_Opt\\lean\\.lake\\build\\lib\\lean\\LambdaOpt\\Defs.olean -i C:\\Users\\Asus\\Desktop\\Profitlo Projects\\Lamda_Opt\\lean\\.lake\\build\\lib\\lean\\LambdaOpt\\Defs.ilean -c C:\\Users\\Asus\\Desktop\\Profitlo Projects\\Lamda_Opt\\lean\\.lake\\build\\ir\\LambdaOpt\\Defs.c --setup C:\\Users\\Asus\\Desktop\\Profitlo Projects\\Lamda_Opt\\lean\\.lake\\build\\ir\\LambdaOpt\\Defs.setup.json --json",
   "level": "trace"}],
 "inputs":
 [["LambdaOpt.Defs:deps",
   [["deps",
     [["«lambda-opt»/LambdaOpt:extraDep",
       [["@«lambda-opt»:extraDep", "00000000000006bb"]]],
      ["imports",
       [["Mathlib.Topology.MetricSpace.Basic transitive imports (legacy)",
         "f8d1264923a87da3"],
        ["Mathlib.Topology.MetricSpace.Basic:importAllArts",
         "4312d9ea1fd1cde8"],
        ["Mathlib.Topology.MetricSpace.Lipschitz transitive imports (legacy)",
         "4e4de1566350a585"],
        ["Mathlib.Topology.MetricSpace.Lipschitz:importAllArts",
         "ecc6b709cc0a3d30"]]]]],
    ["libs",
     [["import dynlibs", "00000000000006bb"],
      ["package external libraries", "00000000000006bb"],
      ["module dynlibs", "00000000000006bb"],
      ["module plugins", "00000000000006bb"]]]]],
  ["Lean 4.29.0, commit 98dc76e3c0a9b856c9b98726b713fb04fab16740",
   "60bb08ef22408c8a"],
  ["C:\\Users\\Asus\\Desktop\\Profitlo Projects\\Lamda_Opt\\lean\\LambdaOpt\\Defs.lean",
   "04f8023bac307c6a"],
  ["options", [["-DautoImplicit=false", "4a85acb881fd49d0"]]],
  ["isModule: false", "feefd2a0d3a1847e"],
  ["Module.name: LambdaOpt.Defs", "f1d89bb373860ce6"],
  ["Package.id?: (some lambda-opt)", "1b6b24c4431d5b09"],
  ["Module.leanArgs: #[]", "00000000000006bb"]],
 "depHash": "e40551a60918e33c"}