{"synthetic": false,
 "schemaVersion": "2025-09-10",
 "outputs":
 {"o": ["304b5904ea80fe2f.olean"],
  "i": "ef6d612fec100847.ilean",
  "c": "2daabc8426f70aee.c"},
 "log":
 [{"message":
   ".> LEAN_PATH=C:\\Users\\Asus\\Desktop\\Profitlo Projects\\Lamda_Opt\\lean\\.lake\\packages\\Cli\\.lake\\build\\lib\\lean;C:\\Users\\Asus\\Desktop\\Profitlo Projects\\Lamda_Opt\\lean\\.lake\\packages\\batteries\\.lake\\build\\lib\\lean;C:\\Users\\Asus\\Desktop\\Profitlo Projects\\Lamda_Opt\\lean\\.lake\\packages\\Qq\\.lake\\build\\lib\\lean;C:\\Users\\Asus\\Desktop\\Profitlo Projects\\Lamda_Opt\\lean\\.lake\\packages\\aesop\\.lake\\build\\lib\\lean;C:\\Users\\Asus\\Desktop\\Profitlo Projects\\Lamda_Opt\\lean\\.lake\\packages\\proofwidgets\\.lake\\build\\lib\\lean;C:\\Users\\Asus\\Desktop\\Profitlo Projects\\Lamda_Opt\\lean\\.lake\\packages\\importGraph\\.lake\\build\\lib\\lean;C:\\Users\\Asus\\Desktop\\Profitlo Projects\\Lamda_Opt\\lean\\.lake\\packages\\LeanSearchClient\\.lake\\build\\lib\\lean;C:\\Users\\Asus\\Desktop\\Profitlo Projects\\Lamda_Opt\\lean\\.lake\\packages\\plausible\\.lake\\build\\lib\\lean;C:\\Users\\Asus\\Desktop\\Profitlo Projects\\Lamda_Opt\\lean\\.lake\\packages\\mathlib\\.lake\\build\\lib\\lean;C:\\Users\\Asus\\Desktop\\Profitlo Projects\\Lamda_Opt\\lean\\.lake\\build\\lib\\lean c:\\Users\\Asus\\.elan\\toolchains\\leanprover--lean4---v4.29.0\\bin\\lean.exe C:\\Users\\Asus\\Desktop\\Profitlo Projects\\Lamda_Opt\\lean\\LambdaOpt\\LipschitzStep.lean -o C:\\Users\\Asus\\Desktop\\Profitlo Projects\\Lamda_Opt\\lean\\.lake\\build\\lib\\lean\\LambdaOpt\\LipschitzStep.olean -i C:\\Users\\Asus\\Desktop\\Profitlo Projects\\Lamda_Opt\\lean\\.lake\\build\\lib\\lean\\LambdaOpt\\LipschitzStep.ilean -c C:\\Users\\Asus\\Desktop\\Profitlo Projects\\Lamda_Opt\\lean\\.lake\\build\\ir\\LambdaOpt\\LipschitzStep.c --setup C:\\Users\\Asus\\Desktop\\Profitlo Projects\\Lamda_Opt\\lean\\.lake\\build\\ir\\LambdaOpt\\LipschitzStep.setup.json --json",
   "level": "trace"}],
 "inputs":
 [["LambdaOpt.LipschitzStep:deps",
   [["deps",
     [["«lambda-opt»/LambdaOpt:extraDep",
       [["@«lambda-opt»:extraDep", "00000000000006bb"]]],
      ["imports",
       [["Mathlib.Topology.MetricSpace.Lipschitz transitive imports (legacy)",
         "4e4de1566350a585"],
        ["Mathlib.Topology.MetricSpace.Lipschitz:importAllArts",
         "ecc6b709cc0a3d30"],
        ["Mathlib.Topology.MetricSpace.Basic transitive imports (legacy)",
         "f8d1264923a87da3"],
        ["Mathlib.Topology.MetricSpace.Basic:importAllArts",
         "4312d9ea1fd1cde8"],
        ["LambdaOpt.Defs transitive imports (legacy)", "c4b083cbdcdcc1bd"],
        ["LambdaOpt.Defs:importAllArts", "596df6f98da8f0b5"]]]]],
    ["libs",
     [["import dynlibs", "00000000000006bb"],
      ["package external libraries", "00000000000006bb"],
      ["module dynlibs", "00000000000006bb"],
      ["module plugins", "00000000000006bb"]]]]],
  ["Lean 4.29.0, commit 98dc76e3c0a9b856c9b98726b713fb04fab16740",
   "60bb08ef22408c8a"],
  ["C:\\Users\\Asus\\Desktop\\Profitlo Projects\\Lamda_Opt\\lean\\LambdaOpt\\LipschitzStep.lean",
   "fd4e0e8bae4fc2a4"],
  ["options", [["-DautoImplicit=false", "4a85acb881fd49d0"]]],
  ["isModule: false", "feefd2a0d3a1847e"],
  ["Module.name: LambdaOpt.LipschitzStep", "586cee211d78f31a"],
  ["Package.id?: (some lambda-opt)", "1b6b24c4431d5b09"],
  ["Module.leanArgs: #[]", "00000000000006bb"]],
 "depHash": "beeb38e801ef20eb"}