{"synthetic": false,
 "schemaVersion": "2025-09-10",
 "outputs":
 {"o": ["45eafde1f4366265.olean"],
  "i": "77a6a3f7781c7aa4.ilean",
  "c": "546548ee743eab78.c"},
 "log":
 [{"message":
   ".> LEAN_PATH=C:\\Users\\Asus\\Desktop\\Profitlo Projects\\Lamda_Opt\\lean\\.lake\\packages\\Cli\\.lake\\build\\lib\\lean;C:\\Users\\Asus\\Desktop\\Profitlo Projects\\Lamda_Opt\\lean\\.lake\\packages\\batteries\\.lake\\build\\lib\\lean;C:\\Users\\Asus\\Desktop\\Profitlo Projects\\Lamda_Opt\\lean\\.lake\\packages\\Qq\\.lake\\build\\lib\\lean;C:\\Users\\Asus\\Desktop\\Profitlo Projects\\Lamda_Opt\\lean\\.lake\\packages\\aesop\\.lake\\build\\lib\\lean;C:\\Users\\Asus\\Desktop\\Profitlo Projects\\Lamda_Opt\\lean\\.lake\\packages\\proofwidgets\\.lake\\build\\lib\\lean;C:\\Users\\Asus\\Desktop\\Profitlo Projects\\Lamda_Opt\\lean\\.lake\\packages\\importGraph\\.lake\\build\\lib\\lean;C:\\Users\\Asus\\Desktop\\Profitlo Projects\\Lamda_Opt\\lean\\.lake\\packages\\LeanSearchClient\\.lake\\build\\lib\\lean;C:\\Users\\Asus\\Desktop\\Profitlo Projects\\Lamda_Opt\\lean\\.lake\\packages\\plausible\\.lake\\build\\lib\\lean;C:\\Users\\Asus\\Desktop\\Profitlo Projects\\Lamda_Opt\\lean\\.lake\\packages\\mathlib\\.lake\\build\\lib\\lean;C:\\Users\\Asus\\Desktop\\Profitlo Projects\\Lamda_Opt\\lean\\.lake\\build\\lib\\lean c:\\Users\\Asus\\.elan\\toolchains\\leanprover--lean4---v4.29.0\\bin\\lean.exe C:\\Users\\Asus\\Desktop\\Profitlo Projects\\Lamda_Opt\\lean\\LambdaOpt\\SingleRewrite.lean -o C:\\Users\\Asus\\Desktop\\Profitlo Projects\\Lamda_Opt\\lean\\.lake\\build\\lib\\lean\\LambdaOpt\\SingleRewrite.olean -i C:\\Users\\Asus\\Desktop\\Profitlo Projects\\Lamda_Opt\\lean\\.lake\\build\\lib\\lean\\LambdaOpt\\SingleRewrite.ilean -c C:\\Users\\Asus\\Desktop\\Profitlo Projects\\Lamda_Opt\\lean\\.lake\\build\\ir\\LambdaOpt\\SingleRewrite.c --setup C:\\Users\\Asus\\Desktop\\Profitlo Projects\\Lamda_Opt\\lean\\.lake\\build\\ir\\LambdaOpt\\SingleRewrite.setup.json --json",
   "level": "trace"},
  {"message":
   "LambdaOpt/SingleRewrite.lean:31:5: unused variable `hδ`\n\nNote: This linter can be disabled with `set_option linter.unusedVariables false`",
   "level": "warning"}],
 "inputs":
 [["LambdaOpt.SingleRewrite:deps",
   [["deps",
     [["«lambda-opt»/LambdaOpt:extraDep",
       [["@«lambda-opt»:extraDep", "00000000000006bb"]]],
      ["imports",
       [["LambdaOpt.Defs transitive imports (legacy)", "c4b083cbdcdcc1bd"],
        ["LambdaOpt.Defs:importAllArts", "596df6f98da8f0b5"],
        ["LambdaOpt.LipschitzStep transitive imports (legacy)",
         "421f42cb83692c8b"],
        ["LambdaOpt.LipschitzStep:importAllArts", "8024c0c0ded7d53d"]]]]],
    ["libs",
     [["import dynlibs", "00000000000006bb"],
      ["package external libraries", "00000000000006bb"],
      ["module dynlibs", "00000000000006bb"],
      ["module plugins", "00000000000006bb"]]]]],
  ["Lean 4.29.0, commit 98dc76e3c0a9b856c9b98726b713fb04fab16740",
   "60bb08ef22408c8a"],
  ["C:\\Users\\Asus\\Desktop\\Profitlo Projects\\Lamda_Opt\\lean\\LambdaOpt\\SingleRewrite.lean",
   "dd7403b2b34f3110"],
  ["options", [["-DautoImplicit=false", "4a85acb881fd49d0"]]],
  ["isModule: false", "feefd2a0d3a1847e"],
  ["Module.name: LambdaOpt.SingleRewrite", "7f14892ed965b439"],
  ["Package.id?: (some lambda-opt)", "1b6b24c4431d5b09"],
  ["Module.leanArgs: #[]", "00000000000006bb"]],
 "depHash": "78a134e1d100cd0e"}