{"synthetic": false,
 "schemaVersion": "2025-09-10",
 "outputs":
 {"o": ["e5d9251c0aacfca5.olean"],
  "i": "8b13bbfa61bb9b11.ilean",
  "c": "fdefd951e765a05c.c"},
 "log":
 [{"message":
   ".> LEAN_PATH=C:\\Users\\Asus\\Desktop\\Profitlo Projects\\Lamda_Opt\\lean\\.lake\\packages\\Cli\\.lake\\build\\lib\\lean;C:\\Users\\Asus\\Desktop\\Profitlo Projects\\Lamda_Opt\\lean\\.lake\\packages\\batteries\\.lake\\build\\lib\\lean;C:\\Users\\Asus\\Desktop\\Profitlo Projects\\Lamda_Opt\\lean\\.lake\\packages\\Qq\\.lake\\build\\lib\\lean;C:\\Users\\Asus\\Desktop\\Profitlo Projects\\Lamda_Opt\\lean\\.lake\\packages\\aesop\\.lake\\build\\lib\\lean;C:\\Users\\Asus\\Desktop\\Profitlo Projects\\Lamda_Opt\\lean\\.lake\\packages\\proofwidgets\\.lake\\build\\lib\\lean;C:\\Users\\Asus\\Desktop\\Profitlo Projects\\Lamda_Opt\\lean\\.lake\\packages\\importGraph\\.lake\\build\\lib\\lean;C:\\Users\\Asus\\Desktop\\Profitlo Projects\\Lamda_Opt\\lean\\.lake\\packages\\LeanSearchClient\\.lake\\build\\lib\\lean;C:\\Users\\Asus\\Desktop\\Profitlo Projects\\Lamda_Opt\\lean\\.lake\\packages\\plausible\\.lake\\build\\lib\\lean;C:\\Users\\Asus\\Desktop\\Profitlo Projects\\Lamda_Opt\\lean\\.lake\\packages\\mathlib\\.lake\\build\\lib\\lean;C:\\Users\\Asus\\Desktop\\Profitlo Projects\\Lamda_Opt\\lean\\.lake\\build\\lib\\lean c:\\Users\\Asus\\.elan\\toolchains\\leanprover--lean4---v4.29.0\\bin\\lean.exe C:\\Users\\Asus\\Desktop\\Profitlo Projects\\Lamda_Opt\\lean\\LambdaOpt.lean -o C:\\Users\\Asus\\Desktop\\Profitlo Projects\\Lamda_Opt\\lean\\.lake\\build\\lib\\lean\\LambdaOpt.olean -i C:\\Users\\Asus\\Desktop\\Profitlo Projects\\Lamda_Opt\\lean\\.lake\\build\\lib\\lean\\LambdaOpt.ilean -c C:\\Users\\Asus\\Desktop\\Profitlo Projects\\Lamda_Opt\\lean\\.lake\\build\\ir\\LambdaOpt.c --setup C:\\Users\\Asus\\Desktop\\Profitlo Projects\\Lamda_Opt\\lean\\.lake\\build\\ir\\LambdaOpt.setup.json --json",
   "level": "trace"}],
 "inputs":
 [["LambdaOpt:deps",
   [["deps",
     [["«lambda-opt»/LambdaOpt:extraDep",
       [["@«lambda-opt»:extraDep", "00000000000006bb"]]],
      ["imports",
       [["LambdaOpt.Defs transitive imports (legacy)", "c4b083cbdcdcc1bd"],
        ["LambdaOpt.Defs:importAllArts", "596df6f98da8f0b5"],
        ["LambdaOpt.LipschitzStep transitive imports (legacy)",
         "421f42cb83692c8b"],
        ["LambdaOpt.LipschitzStep:importAllArts", "8024c0c0ded7d53d"],
        ["LambdaOpt.SingleRewrite transitive imports (legacy)",
         "528a0eaf76bf45b8"],
        ["LambdaOpt.SingleRewrite:importAllArts", "292e77f11179bda2"],
        ["LambdaOpt.Composition transitive imports (legacy)",
         "2372d8192f59dccf"],
        ["LambdaOpt.Composition:importAllArts", "25cb36b66f80fed2"],
        ["LambdaOpt.Decidable transitive imports (legacy)", "7dc1d4b1c13e1bad"],
        ["LambdaOpt.Decidable:importAllArts", "aa643e47add805f3"]]]]],
    ["libs",
     [["import dynlibs", "00000000000006bb"],
      ["package external libraries", "00000000000006bb"],
      ["module dynlibs", "00000000000006bb"],
      ["module plugins", "00000000000006bb"]]]]],
  ["Lean 4.29.0, commit 98dc76e3c0a9b856c9b98726b713fb04fab16740",
   "60bb08ef22408c8a"],
  ["C:\\Users\\Asus\\Desktop\\Profitlo Projects\\Lamda_Opt\\lean\\LambdaOpt.lean",
   "a9095da00f577442"],
  ["options", [["-DautoImplicit=false", "4a85acb881fd49d0"]]],
  ["isModule: false", "feefd2a0d3a1847e"],
  ["Module.name: LambdaOpt", "2778b166620f6d3b"],
  ["Package.id?: (some lambda-opt)", "1b6b24c4431d5b09"],
  ["Module.leanArgs: #[]", "00000000000006bb"]],
 "depHash": "eb16eceda3ce34a2"}